; MM CONFIG 3.10 -- LOGICAL DRIVE SELECTION AND ASSIGNMENT
; Addresses are COM load addresses (ORG 0100H).
; Analyst comments; not original MM source, not a reassemblable program.
; See docs/engineering/MM-CONFIG-REVERSE-ENGINEERING.md.


; ---- traced region ----
; START: copy BIOS jump vectors into local calls; 0B9F becomes SELDSK.
0135  31 00 28   	LD	SP,2800H
0138  2A 01 00   	LD	HL,(1H)
013B  01 33 00   	LD	BC,33H
013E  09         	ADD	HL,BC
013F  7E         	LD	A,(HL)
0140  0E 36      	LD	C,36H
0142  ED 42      	SBC	HL,BC
0144  FE 23      	CP	23H
0146  38 05      	JR	C,14DH
0148  7E         	LD	A,(HL)
0149  E6 80      	AND	80H
014B  20 05      	JR	NZ,152H
014D  3E 07      	LD	A,7H
014F  32 25 0E   	LD	(0E25H),A
0152  01 1B 00   	LD	BC,1BH
0155  09         	ADD	HL,BC
0156  11 9F 0B   	LD	DE,0B9FH
0159  01 18 00   	LD	BC,18H
015C  ED B0      	LDIR
015E  22 8C 26   	LD	(268CH),HL
0161  11 8E 26   	LD	DE,268EH
0164  0E 18      	LD	C,18H
0166  ED B0      	LDIR

; ---- traced region ----
; CONFIG G: display the logical-drive namespace.
0736  21 E6 1F   	LD	HL,1FE6H
0739  CD 2C 0C   	CALL	0C2CH
073C  AF         	XOR	A
073D  32 1C 0F   	LD	(0F1CH),A
0740  0E 41      	LD	C,41H
; Sixteen rows, A through P, regardless of whether a DPH exists.
0742  06 10      	LD	B,10H
0744  C5         	PUSH	BC
0745  CD 26 0C   	CALL	0C26H
0748  5B,20,00  DB ; inline NUL-terminated display string
074B  79         	LD	A,C
074C  CD 35 0C   	CALL	0C35H
074F  CD 26 0C   	CALL	0C26H
0752  20,5D,20,20,20,00  DB ; inline NUL-terminated display string
0758  79         	LD	A,C
0759  D6 41      	SUB	41H
075B  4F         	LD	C,A
; Call BIOS SELDSK, C = zero-based logical drive.
075C  CD 9F 0B   	CALL	0B9FH
075F  C1         	POP	BC
; HL=0 means undefined: print the string at 20C5H.
0760  7C         	LD	A,H
0761  B5         	OR	L
0762  EB         	EX	DE,HL
0763  21 C5 20   	LD	HL,20C5H
0766  28 52      	JR	Z,7BAH
; DPH+10 points to the DPB; MM extends the standard DPB.
0768  21 0A 00   	LD	HL,0AH
076B  19         	ADD	HL,DE
076C  5E         	LD	E,(HL)
076D  23         	INC	HL
076E  56         	LD	D,(HL)
; Inspect extended DPB+20: format identifier, zero for non-floppy here.
076F  21 14 00   	LD	HL,14H
0772  19         	ADD	HL,DE
0773  7E         	LD	A,(HL)
0774  B7         	OR	A
0775  20 0E      	JR	NZ,785H
0777  3A A6 26   	LD	A,(26A6H)
077A  BA         	CP	D
077B  21 E0 20   	LD	HL,20E0H
077E  30 3A      	JR	NC,7BAH
0780  21 FB 20   	LD	HL,20FBH
0783  18 35      	JR	7BAH
0785  CD D2 29   	CALL	29D2H
0788  CC 4E 09   	CALL	Z,94EH
; Record the last configurable floppy letter as the input upper bound.
078B  79         	LD	A,C
078C  32 20 0F   	LD	(0F20H),A
078F  3A 1C 0F   	LD	A,(0F1CH)
0792  B7         	OR	A
0793  20 04      	JR	NZ,799H
0795  79         	LD	A,C
0796  32 1C 0F   	LD	(0F1CH),A
; Follow extended DPB+17 to physical-drive definition; print drive number.
0799  E5         	PUSH	HL
079A  C5         	PUSH	BC
079B  21 11 00   	LD	HL,11H
079E  19         	ADD	HL,DE
079F  7E         	LD	A,(HL)
07A0  23         	INC	HL
07A1  66         	LD	H,(HL)
07A2  6F         	LD	L,A
07A3  23         	INC	HL
07A4  23         	INC	HL
07A5  23         	INC	HL
07A6  4E         	LD	C,(HL)
07A7  3E 2F      	LD	A,2FH
07A9  3C         	INC	A
07AA  CB 09      	RRC	C
07AC  30 FB      	JR	NC,7A9H
07AE  C1         	POP	BC
07AF  E1         	POP	HL
07B0  CD 35 0C   	CALL	0C35H
07B3  CD 26 0C   	CALL	0C26H
07B6  3A,20,20,00  DB ; inline NUL-terminated display string
07BA  CD 2C 0C   	CALL	0C2CH
07BD  0C         	INC	C
07BE  10 84      	DJNZ	744H
07C0  3E 0B      	LD	A,0BH
07C2  CD 35 0C   	CALL	0C35H
07C5  AF         	XOR	A
07C6  32 23 0F   	LD	(0F23H),A
07C9  57         	LD	D,A
; Input accepts letters below (last configurable letter + 1).
07CA  3A 20 0F   	LD	A,(0F20H)
07CD  3C         	INC	A
07CE  4F         	LD	C,A
07CF  CD FC 0B   	CALL	0BFCH
07D2  CA 76 01   	JP	Z,176H
07D5  3D         	DEC	A
07D6  4F         	LD	C,A
07D7  C6 41      	ADD	A,41H
07D9  32 3F 21   	LD	(213FH),A
07DC  32 BD 23   	LD	(23BDH),A
; Select requested logical drive through BIOS again.
07DF  CD 9F 0B   	CALL	0B9FH
; Reject null DPH; return to drive list. No DPH is allocated here.
07E2  7C         	LD	A,H
07E3  B5         	OR	L
07E4  CA 36 07   	JP	Z,736H
07E7  22 AF 26   	LD	(26AFH),HL
07EA  11 0A 00   	LD	DE,0AH
07ED  19         	ADD	HL,DE
07EE  5E         	LD	E,(HL)
07EF  23         	INC	HL
07F0  56         	LD	D,(HL)
; Reject zero format identifier (fixed storage / hard disk).
07F1  21 14 00   	LD	HL,14H
07F4  19         	ADD	HL,DE
07F5  7E         	LD	A,(HL)
07F6  B7         	OR	A
07F7  CA 36 07   	JP	Z,736H
; Begin catalogue browsing only after an existing floppy DPH is found.
07FA  0E 01      	LD	C,1H
07FC  3E 41      	LD	A,41H
07FE  32 1C 0F   	LD	(0F1CH),A
0801  CD 16 08   	CALL	816H
0804  CA 36 07   	JP	Z,736H
0807  21 45 21   	LD	HL,2145H
080A  BE         	CP	(HL)
080B  C2 6D 08   	JP	NZ,86DH
080E  0C         	INC	C
080F  79         	LD	A,C
0810  FE 11      	CP	11H
0812  38 ED      	JR	C,801H
0814  18 E4      	JR	7FAH

; ---- traced region ----
086D  3D         	DEC	A
086E  21 A7 26   	LD	HL,26A7H
0871  4F         	LD	C,A
0872  06 00      	LD	B,0H
0874  09         	ADD	HL,BC
0875  7E         	LD	A,(HL)
0876  32 B1 26   	LD	(26B1H),A
0879  CD D2 29   	CALL	29D2H
087C  22 B2 26   	LD	(26B2H),HL
087F  21 9E 23   	LD	HL,239EH
0882  CD 2C 0C   	CALL	0C2CH
0885  2A B2 26   	LD	HL,(26B2H)
0888  CD 2C 0C   	CALL	0C2CH
; Physical drive prompt uses configured physical drive count.
088B  3A 90 26   	LD	A,(2690H)
088E  C6 2F      	ADD	A,2FH
0890  32 F8 23   	LD	(23F8H),A
0893  21 C8 23   	LD	HL,23C8H
0896  CD 2C 0C   	CALL	0C2CH
0899  21 90 26   	LD	HL,2690H
089C  CD 42 0C   	CALL	0C42H
089F  FE 03      	CP	3H
08A1  CA 36 07   	JP	Z,736H
08A4  D6 30      	SUB	30H
08A6  38 F4      	JR	C,89CH
08A8  BE         	CP	(HL)
08A9  30 F1      	JR	NC,89CH
08AB  5F         	LD	E,A
08AC  16 00      	LD	D,0H
08AE  C6 30      	ADD	A,30H
08B0  CD 35 0C   	CALL	0C35H
; Fetch chosen physical drive definition pointer.
08B3  21 94 26   	LD	HL,2694H
08B6  19         	ADD	HL,DE
08B7  19         	ADD	HL,DE
08B8  5E         	LD	E,(HL)
08B9  23         	INC	HL
08BA  56         	LD	D,(HL)
08BB  ED 53 B4 26	LD	(26B4H),DE
08BF  2A B2 26   	LD	HL,(26B2H)
08C2  01 40 00   	LD	BC,40H
08C5  09         	ADD	HL,BC
08C6  22 B2 26   	LD	(26B2H),HL
08C9  0E 13      	LD	C,13H
08CB  09         	ADD	HL,BC
08CC  7E         	LD	A,(HL)
08CD  E6 DF      	AND	0DFH
08CF  32 B6 26   	LD	(26B6H),A
08D2  2B         	DEC	HL
08D3  2B         	DEC	HL
; Check requested track count against physical-drive capabilities.
08D4  7E         	LD	A,(HL)
08D5  EB         	EX	DE,HL
08D6  0E 07      	LD	C,7H
08D8  09         	ADD	HL,BC
08D9  BE         	CP	(HL)
08DA  28 17      	JR	Z,8F3H
08DC  30 5B      	JR	NC,939H
08DE  FE 4D      	CP	4DH
08E0  30 57      	JR	NC,939H
08E2  7E         	LD	A,(HL)
08E3  FE 28      	CP	28H
08E5  28 0C      	JR	Z,8F3H
08E7  FE 50      	CP	50H
08E9  20 4E      	JR	NZ,939H
08EB  3A B6 26   	LD	A,(26B6H)
08EE  F6 20      	OR	20H
08F0  32 B6 26   	LD	(26B6H),A
; Check double-sided requirement against physical drive.
08F3  2B         	DEC	HL
08F4  2B         	DEC	HL
08F5  2B         	DEC	HL
08F6  3A B6 26   	LD	A,(26B6H)
08F9  E6 40      	AND	40H
08FB  07         	RLCA
08FC  28 03      	JR	Z,901H
08FE  A6         	AND	(HL)
08FF  28 38      	JR	Z,939H
; Apply to the EXISTING selected DPH/DPB, not a new logical slot.
0901  2A AF 26   	LD	HL,(26AFH)
0904  11 0A 00   	LD	DE,0AH
0907  19         	ADD	HL,DE
0908  5E         	LD	E,(HL)
0909  23         	INC	HL
090A  56         	LD	D,(HL)
090B  2A B2 26   	LD	HL,(26B2H)
; Copy 20 format bytes into that DPB.
090E  0E 14      	LD	C,14H
0910  ED B0      	LDIR
0912  EB         	EX	DE,HL
; Install catalogue format identifier and adjusted flags.
0913  3A B1 26   	LD	A,(26B1H)
0916  77         	LD	(HL),A
0917  2B         	DEC	HL
0918  3A B6 26   	LD	A,(26B6H)
091B  77         	LD	(HL),A
091C  2B         	DEC	HL
; Install physical-drive definition pointer in the extended DPB.
091D  ED 4B B4 26	LD	BC,(26B4H)
0921  70         	LD	(HL),B
0922  2B         	DEC	HL
0923  71         	LD	(HL),C
; Copy 30 bytes of sector translation into existing XLT storage.
0924  21 0C 00   	LD	HL,0CH
0927  19         	ADD	HL,DE
0928  EB         	EX	DE,HL
0929  2A AF 26   	LD	HL,(26AFH)
092C  7E         	LD	A,(HL)
092D  23         	INC	HL
092E  66         	LD	H,(HL)
092F  6F         	LD	L,A
0930  EB         	EX	DE,HL
0931  01 1E 00   	LD	BC,1EH
0934  ED B0      	LDIR
0936  C3 36 07   	JP	736H
; Incompatible format: message and return to menu.
0939  21 FE 23   	LD	HL,23FEH
093C  CD 2C 0C   	CALL	0C2CH
093F  CD 42 0C   	CALL	0C42H
0942  FE 03      	CP	3H
0944  CA 76 01   	JP	Z,176H
0947  FE 0D      	CP	0DH
0949  20 F4      	JR	NZ,93FH
094B  C3 36 07   	JP	736H

; ---- traced region ----
; On disk this jumps to itself; startup replaces it with BIOS SELDSK.
0B9F  C3 9F 0B   	JP	0B9FH

; ---- traced region ----
; Common input routine: upper bound is in C, not a literal D.
0BFC  21 10 0F   	LD	HL,0F10H
0BFF  CD 2C 0C   	CALL	0C2CH
0C02  21 45 0F   	LD	HL,0F45H
0C05  CD 2C 0C   	CALL	0C2CH
0C08  CD 42 0C   	CALL	0C42H
0C0B  E6 5F      	AND	5FH
0C0D  FE 0D      	CP	0DH
0C0F  20 01      	JR	NZ,0C12H
0C11  7A         	LD	A,D
0C12  D6 03      	SUB	3H
0C14  C8         	RET	Z
0C15  C6 03      	ADD	A,3H
0C17  FE 41      	CP	41H
0C19  38 ED      	JR	C,0C08H
; Reject letters >= C; CONFIG G supplies the last usable floppy + 1.
0C1B  B9         	CP	C
0C1C  30 EA      	JR	NC,0C08H
0C1E  4F         	LD	C,A
0C1F  CD 35 0C   	CALL	0C35H
0C22  79         	LD	A,C
0C23  D6 40      	SUB	40H
0C25  C9         	RET
